Running: C:\Users\markh\AppData\Local\Temp\arrow-godot44-sw5m039b\Godot_v4.4-stable_win64_console.exe --headless --path C:\Users\markh\AppData\Local\Temp\arrowgame-regression-sb4hlw5o --editor --quit
Godot Engine v4.4.stable.official.4c311cbee - https://godotengine.org


ERROR: Do not use progress dialog (task) while flushing the message queue or using call_deferred()!
   at: add_task (editor/progress_dialog.cpp:183)
ERROR: Condition "!tasks.has(p_task)" is true. Returning: canceled
   at: task_step (editor/progress_dialog.cpp:217)
ERROR: Condition "!tasks.has(p_task)" is true. Returning: canceled
   at: task_step (editor/progress_dialog.cpp:217)
ERROR: Condition "!tasks.has(p_task)" is true. Returning: canceled
   at: task_step (editor/progress_dialog.cpp:217)
ERROR: Condition "!tasks.has(p_task)" is true. Returning: canceled
   at: task_step (editor/progress_dialog.cpp:217)
ERROR: Condition "!tasks.has(p_task)" is true. Returning: canceled
   at: task_step (editor/progress_dialog.cpp:217)
ERROR: Condition "!tasks.has(p_task)" is true. Returning: canceled
   at: task_step (editor/progress_dialog.cpp:217)
ERROR: Condition "!tasks.has(p_task)" is true.
   at: end_task (editor/progress_dialog.cpp:240)

Running: C:\Users\markh\AppData\Local\Temp\arrow-godot44-sw5m039b\Godot_v4.4-stable_win64_console.exe --headless --path C:\Users\markh\AppData\Local\Temp\arrowgame-regression-sb4hlw5o --script regression.gd
Godot Engine v4.4.stable.official.4c311cbee - https://godotengine.org

TEST_USER_DIR=C:/Users/markh/AppData/Local/Temp/arrowgame-regression-sb4hlw5o/userdata/Godot/app_userdata/ArrowGameRegression-d8f7b4f671ce48c4b87044166fe34e68
PASS: missing save initializes normally
PASS: valid state saves
PASS: valid state survives reload
PASS: corrupt save blocks writes
PASS: ordinary save cannot bypass recovery
PASS: corrupt original remains intact
PASS: explicit reset succeeds after backup
PASS: reset preserves exact original bytes
PASS: reset re-enables saving
PASS: wrong resource type blocks saving
PASS: incompatible original remains intact
PASS: incompatible save can be explicitly reset
PASS: backup collision retains both originals
PASS: backup failure cancels reset
PASS: backup failure keeps write protection
PASS: backup failure preserves original
PASS: write errors reach caller
PASS: saved keyboard remap restored from disk
PASS: unchanged gamepad binding restored from disk
PASS: complete mapping restored
PASS: old keyboard binding removed
PASS: repeated restoration does not duplicate bindings
PASS: reset restores keyboard and gamepad defaults
PASS: corrupt settings block writes
PASS: partially parsed settings discarded
PASS: temporary settings remain usable
PASS: direct settings save stays blocked
PASS: all settings mutation paths preserve original
PASS: settings backup failure cancels reset
PASS: settings backup failure preserves original
PASS: explicit settings reset succeeds
PASS: settings backup preserves exact bytes
PASS: settings reset enables writes
PASS: settings persist after reset and reload
PASS: a keyboard/gamepad remap is seeded and active before puzzle entry
PASS: new_game() does not disturb a seeded keyboard/gamepad remap
PASS: new_game() does not call GameState.start_game() (times_played unchanged)
PASS: new_game() does not call GlobalState.reset() (max_level_reached unchanged)
PASS: new_game() does not call GlobalState.reset() (existing level_states preserved)
PASS: new_game() still opens the puzzle via SceneLoader.load_scene
PASS: load_game_scene() does not call GameState.start_game() (times_played unchanged)
PASS: load_game_scene() does not disturb a seeded keyboard/gamepad remap
REGRESSION_FAILURES=0

ERROR: user://global_state.tres:1 - Parse Error: Expected '['.
   at: _printerr (scene/resources/resource_format_text.cpp:39)
ERROR: Failed loading resource: user://global_state.tres. Make sure resources have been imported by opening the project in the editor at least once.
   at: _load (core/io/resource_loader.cpp:335)
ERROR: Error loading resource: 'user://global_state.tres'.
   at: load (core/core_bind.cpp:76)
ERROR: Save could not be loaded. Original preserved; saving disabled until explicit reset.
   at: push_error (core/variant/variant_utility.cpp:1098)
ERROR: Save could not be loaded. Original preserved; saving disabled until explicit reset.
   at: push_error (core/variant/variant_utility.cpp:1098)
ERROR: user://global_state.tres:1 - Parse Error: Expected '['.
   at: _printerr (scene/resources/resource_format_text.cpp:39)
ERROR: Failed loading resource: user://global_state.tres. Make sure resources have been imported by opening the project in the editor at least once.
   at: _load (core/io/resource_loader.cpp:335)
ERROR: Error loading resource: 'user://global_state.tres'.
   at: load (core/core_bind.cpp:76)
ERROR: Save could not be loaded. Original preserved; saving disabled until explicit reset.
   at: push_error (core/variant/variant_utility.cpp:1098)
ERROR: Failed to open 'C:/Users/markh/AppData/Local/Temp/arrowgame-regression-sb4hlw5o/userdata/Godot/app_userdata/ArrowGameRegression-d8f7b4f671ce48c4b87044166fe34e68/global_state.tres.recovery.2'.
   at: copy (core/io/dir_access.cpp:425)
ERROR: Could not back up unreadable save; reset canceled: Can't open file
   at: push_error (core/variant/variant_utility.cpp:1098)
ERROR: Cannot save file 'user://global_state.tres'.
   at: save (scene/resources/resource_format_text.cpp:1719)
ERROR: Failed to save progress: Can't open
   at: push_error (core/variant/variant_utility.cpp:1098)
ERROR: ConfigFile parse error at user://config.cfg:2: Unexpected identifier 'INVALID_SENTINEL'.
   at: _parse (core/io/config_file.cpp:303)
ERROR: Settings could not be loaded. Original preserved; settings writes disabled.
   at: push_error (core/variant/variant_utility.cpp:1098)
ERROR: Failed to open 'C:/Users/markh/AppData/Local/Temp/arrowgame-regression-sb4hlw5o/userdata/Godot/app_userdata/ArrowGameRegression-d8f7b4f671ce48c4b87044166fe34e68/config.cfg.recovery'.
   at: copy (core/io/dir_access.cpp:425)
ERROR: Settings backup failed; reset canceled: Can't open file
   at: push_error (core/variant/variant_utility.cpp:1098)
ERROR: Cannot save file 'user://global_state.tres'.
   at: save (scene/resources/resource_format_text.cpp:1719)
ERROR: Failed to save progress: Can't open
   at: push_error (core/variant/variant_utility.cpp:1098)
ERROR: Cannot save file 'user://global_state.tres'.
   at: save (scene/resources/resource_format_text.cpp:1719)
ERROR: Failed to save progress: Can't open
   at: push_error (core/variant/variant_utility.cpp:1098)

