Godot Engine v4.7.2.stable.official.ed1daf0bf - https://godotengine.org
OpenGL API 3.3.0 Core Profile Context 25.10.30.02.250923 - Compatibility - Using Device: ATI Technologies Inc. - AMD Radeon(TM) Graphics

JOYPADS=[]
CAPTURE 1280x720-gameplay 0
HOVER=(0, 0)
CAPTURE 1280x720-hover 0
OVERLAY_CLEAR=true
STATIONARY_RESTORE=(0, 0)
CAPTURE 1280x720-blocked 0
CAPTURE 1280x720-hover-restored 0
CAPTURE 1280x720-departure 0
CAPTURE 1280x720-results 0
RESULTS={ "total_arrows": 8, "mistakes": 2, "score": 6, "accuracy": 0.8 } pending=0
CAPTURE 960x540-gameplay 0
HOVER=(0, 0)
CAPTURE 960x540-hover 0
OVERLAY_CLEAR=true
STATIONARY_RESTORE=(0, 0)
CAPTURE 960x540-blocked 0
CAPTURE 960x540-hover-restored 0
CAPTURE 960x540-departure 0
CAPTURE 960x540-results 0
RESULTS={ "total_arrows": 8, "mistakes": 2, "score": 6, "accuracy": 0.8 } pending=0
CAPTURE 1280x720-fixtures 0
CAPTURE 960x540-fixtures 0
